常用查询

https://www.cnblogs.com/wangkongming/p/4531341.html  
  
[root\@centos6 dict]\# cat /etc/redhat-release  
CentOS release 6.6 (Final)  
  
[root\@centos6 dict]\# uname -a  
Linux centos6 2.6.32-504.el6.x86_64 \#1 SMP Wed Oct 15 04:27:16 UTC 2014 x86_64
x86_64 x86_64 GNU/Linux  
  
[root\@centos6 dict]\# whoami  
root  
  
[root\@centos6 dict]\# w  
15:12:12 up 50 min, 1 user, load average: 0.00, 0.00, 0.00  
USER TTY FROM LOGIN\@ IDLE JCPU PCPU WHAT  
root pts/0 10.1.21.1 14:26 0.00s 0.22s 0.00s w  
  
硬件相关  
CPU  
[root\@centos6 dict]\# cat /proc/cpuinfo \|grep model  
model : 42  
model name : Intel(R) Core(TM) i3-2330M CPU \@ 2.20GHz  
  
内存  
[root\@centos6 dict]\# cat /proc/meminfo  
MemTotal: 1004348 kB  
  
每5秒钟查看一次内存  
[root\@centos6 dict]\# vmstat 5  
  
磁盘剩余空间  
[root\@centos6 dict]\# df -h  
Filesystem Size Used Avail Use% Mounted on  
/dev/mapper/vg_centos6-lv_root  
18G 1.7G 15G 11% /  
tmpfs 491M 0 491M 0% /dev/shm  
/dev/sda1 477M 28M 424M 7% /boot  
  
查看磁盘剩余Inodes节点  
[root\@centos6 dict]\# df -i  
Filesystem Inodes IUsed IFree IUse% Mounted on  
/dev/mapper/vg_centos6-lv_root  
1152816 68516 1084300 6% /  
tmpfs 125543 1 125542 1% /dev/shm  
/dev/sda1 128016 38 127978 1% /boot  
  
查看 系统平均负载
1、5、15分钟内的平均进程树、正在运行的进程数/进程总数、最近运行的进程ID号  
[root\@centos6 \~]\# cat /proc/loadavg  
0.00 0.00 0.00 1/87 1510  
  
查看 系统运行时间+负载  
[root\@centos6 \~]\# uptime  
15:20:11 up 58 min, 1 user, load average: 0.00, 0.00, 0.00  
  
查看当前TCP连接数  
[root\@centos6 \~]\# netstat -nat \|grep ESTABLISHED \|wc -l  
1  
[root\@centos6 \~]\# netstat -nat \|grep 'TIME_WAIT' \|wc -l  
0  
[root\@centos6 \~]\# netstat -nat \|grep -i "22" \|wc -l  
3  
  
查看服务相关  
系统运行情况 - top  
系统运行情况 - htop  
查看指定进程  
[root\@centos6 \~]\# ps -ef \|grep sshd  
root 1148 1 0 14:22 ? 00:00:00 /usr/sbin/sshd  
root 1335 1148 0 14:26 ? 00:00:01 sshd: root\@pts/0  
root 1770 1338 0 15:23 pts/0 00:00:00 grep sshd  
  
查看服务状态  
[root\@centos6 \~]\# chkconfig --list \|grep sshd  
sshd 0:关闭 1:关闭 2:启用 3:启用 4:启用 5:启用 6:关闭  
  
日志相关  
history  
查看 最近5行系统日志  
[root\@centos6 \~]\# dmesg \|tail -n 5  
ip6_tables: (C) 2000-2006 Netfilter Core Team  
nf_conntrack version 0.5.0 (7846 buckets, 31384 max)  
e1000: eth0 NIC Link is Up 1000 Mbps Full Duplex, Flow Control: None  
type=1305 audit(1541226131.825:3): audit_pid=959 old=0 auid=4294967295
ses=4294967295 res=1  
eth0: no IPv6 routers present
